// Jest Snapshot v1, https://goo.gl/fbAQLP

exports[`Tests in <CounterApp/> Should to do match with the snapshot 1`] = `
<div>
  <h1>
    Counter
  </h1>
  <h2>
    0
  </h2>
  <button
    aria-label="btn-increment"
  >
    +1
  </button>
  <button
    aria-label="btn-decrement"
  >
    -1
  </button>
  <button
    aria-label="btn-reset"
  >
    Reset
  </button>
</div>
`;
